---
source: tests/snapshots.rs
expression: "render::detail_table(r.resource, &object_for(r))"
---
transactionId:                        90d084d6-55b8-4fb8-b658-861534d07f9a
transactionStatus:                    Captured
processedAmount:                      10.50
currencyCode:                         USD
processorResponse.responseCode:       —
processorResponse.responseMessage:    —
processorResponse.responseDefinition: —
processorResponse.processorName:      —
