---
source: tests/snapshots.rs
expression: "render::detail_table(r.resource, &object_for(r))"
---
paymentLinkId:     3f8b2c1d-6e40-4a92-b7c5-1d2e3f4a5b60
name:              Spring campaign
shortUrl:          https://pay.example.com/l/abc123
paymentLinkStatus: Active
baseAmount:        25.00
currencyCode:      USD
expiresOn:         —
