---
source: tests/snapshots.rs
expression: "render::detail_table(r.resource, &object_for(r))"
---
availablePaymentProcessors[0].paymentProcessorId: 8db2ff47-b143-4adb-ab58-a11111111111
availablePaymentProcessors[0].processorName:      TSYS
availablePaymentProcessors[0].type:               Tsys
availablePaymentProcessors[0].isDefault:          yes
currency:                                         USD
companyName:                                      Analytical Engines
