---
source: tests/snapshots.rs
expression: "render::detail_table(r.resource, &object_for(r))"
---
status:                                              Created
mode:                                                Payment
transactionDetails.amount.baseAmount:                —
referenceId:                                         ORDER-10001
expiresAt:                                           2027-02-19T20:24:52.934Z
transactionDetails.transactionReceipt.transactionId: —
transactionDetails.transactionReceipt.status:        —
