---
source: tests/snapshots.rs
expression: "render::detail_table(r.resource, &object_for(r))"
---
level2Settings.taxRate:                    8.5
level3Settings.shippingChargeRate:         5
level3Settings.dutyChargeRate:             2.5
level3Settings.product.productName:        Office Supplies
level3Settings.product.code:               OFF001
level3Settings.product.measurementUnit:    pcs
level3Settings.product.unitPrice:          25.00
level3Settings.product.quantity:           10
level3Settings.product.discountPercentage: 5
